[www.one.co.il/Article/17-18/1,1,2,59050/313584f05b.html]
[www.google-analytics.com/analytics.js]
[backblue.gif]
[fade.gif]
[index.html]
[releases.flowplayer.org/7.2.5/commercial/skin/skin.css]
[releases.flowplayer.org/audio/flowplayer.audio.min.js]
[releases.flowplayer.org/vod-quality-selector/flowplayer.vod-quality-selector.min.js]
[www.negishim.com/accessibility/accessibility_pro.js]
[akamai.advsnx.net/CDN/sdk/plugins/fp72/plugin.js]
[player.h-cdn.com/loader1b80.js]
[c.flx1.com/85-13224a0a8.js]
[images.one.co.il/images/msites/2012/12/04/1215/batim_strip.jpg]
[releases.flowplayer.org/7.2.5/commercial/flowplayer.min.js]
[www.googletagservices.com/tag/js/gpt.js]
[connect.facebook.net/he_IL/all.js]
[images.one.co.il/images/msites/2016/06/26/1315/facebook_57x22.png]
[images.one.co.il/images/msites/2016/06/26/1315/instagram_57x22.png]
[images.one.co.il/images/msites/2016/06/26/1315/twitter_57x22.png]
[releases.flowplayer.org/hlsjs/flowplayer.hlsjs.min.js]
[ads.one.co.il/images/ads/2018/02/18/1230/youtube.png]
[ads.one.co.il/images/ads/2016/08/04/1615/191346_57x22_bg_winner.png]
[images.one.co.il/images/msites/2017/09/11/button.png]
[images.one.co.il/images/msites/2016/08/30/1000/search.png]
[images.one.co.il/images/msites/2016/09/19/1215/one.png]
[images.one.co.il/images/msites/2016/05/03/1230/pixel.png]
[images.one.co.il/images/msites/2017/03/07/topmenu_left.png]
[images.one.co.il/images/msites/2017/03/07/topmenu_right.png]
[images.one.co.il/images/d/dmain/ms/gg1346154.jpg]
[www.one.co.il/Article/17-18/1,1,2,59050/313526.html]
[images.one.co.il/images/one/450_250/gg1346493.jpg]
[www.one.co.il/Article/17-18/1,1,2,59050/313554.html]
[ads.one.co.il/images/ads/2011/10/05/1115/logo_43x17.gif]
[ads.one.co.il/images/ads/2015/01/20/1215/win.png]
[images.one.co.il/images/articles/btn_rss.jpg]
[ecdn.firstimpression.io/apd5445.js]
[images.one.co.il/images/msites/2010/04/21/1545/fb_icon.jpg]
[images.one.co.il/images/articles/twit.jpg]
[images.one.co.il/images/articles/btn_print.jpg]
[images.one.co.il/images/articles/btn_addcomment.jpg]
[apis.google.com/js/plusone.js]
[images.one.co.il/images/onetv/ajax-loader.gif]
[images.one.co.il/images/msites/2015/02/24/1345/fb.png]
[images.one.co.il/images/msites/2015/02/24/1345/twitter.png]
[images.one.co.il/images/msites/2015/02/24/1345/print.png]
[images.one.co.il/images/msites/2015/02/24/1345/mail.png]
[images.one.co.il/images/msites/2015/02/24/1345/comment.png]
[images.one.co.il/images/msites/2016/11/08/1330/play.png]
[images.one.co.il/images/video/segment377x285/22_05_2018_03_5801.jpg]
[images.one.co.il/images/video/segment377x285/22_05_2018_02_1454.jpg]
[images.one.co.il/images/video/segment377x285/22_05_2018_02_2522.jpg]
[images.one.co.il/images/video/segment377x285/21_05_2018_12_2205.jpg]
[widgets.outbrain.com/outbrain.js]
[www.one.co.il/Article/17-18/1,1,2,59050/313584f05b.html]
[releases.flowplayer.org/7.2.5/commercial/skin/icons/flowplayer.woff]
[cdn.teads.tv/js/all-v1.js]
[releases.flowplayer.org/7.2.5/commercial/skin/skin.css]
[akamai.advsnx.net/CDN/sdk/plugins/fp72/plugin.js]
[releases.flowplayer.org/7.2.5/commercial/skin/icons/flowplayerd41d.eot]
[releases.flowplayer.org/7.2.5/commercial/skin/icons/flowplayer.woff2]
[ajax.googleapis.com/ajax/libs/jquery/1.11.2/jquery.min.js]
[c.flx1.com/85-13224a0a8.js]
[connect.facebook.net/he_IL/all.js]
[www.googletagmanager.com/gtm5445.html]
[images.one.co.il/images/d/dmain/ms/gg1347233.jpg]
[images.one.co.il/images/video/segment775x460/21_05_2018_06_1504.jpg]
[images.one.co.il/images/msites/2018/05/13/d3e8675a0d86785d91a13be411928ccc.png]
[images.one.co.il/images/msites/2018/05/09/b70f841ee9206b6104205215e295a3a2.png]
[images.one.co.il/images/one/450_250/gg1328503.jpg]
[images.one.co.il/images/one/450_250/gg1334255.jpg]
[images.one.co.il/images/one/450_250/gg1340907.jpg]
[images.one.co.il/images/one/450_250/gg1343435.jpg]
[images.one.co.il/images/one/450_250/gg1345611.jpg]
[images.one.co.il/images/one/450_250/gg1344452.jpg]
[images.one.co.il/images/one/450_250/gg1327426.jpg]
[images.one.co.il/images/one/450_250/gg1346416.jpg]
[images.one.co.il/images/one/450_250/gg1341563.jpg]
[images.one.co.il/images/one/450_250/gg1346797.jpg]
[images.one.co.il/images/one/450_250/gg1344719.jpg]
[images.one.co.il/images/one/450_250/gg1339460.jpg]
[images.one.co.il/images/one/450_250/gg1343279.jpg]
[www.one.co.il/Article/17-18/1,1,2,59050/313526.html]
[images.one.co.il/images/d/dmain/ms/gg1347270.jpg]
[images.one.co.il/images/video/segment775x460/22_05_2018_06_0059.jpg]
[images.one.co.il/images/one/450_250/gg1347269.jpg]
[www.one.co.il/Article/17-18/1,1,2,59050/313526f05b.html]
[images.one.co.il/images/one/450_250/gg1347272.jpg]
[images.one.co.il/images/one/450_250/gg1347207.jpg]
[images.one.co.il/images/one/450_250/gg1347279.jpg]
[images.one.co.il/images/one/450_250/gg1347206.jpg]
[embed.playbuzz.com/sdk.js]
[www.one.co.il/Article/17-18/1,1,2,59050/313554.html]
[www.one.co.il/Article/17-18/1,1,2,59050/313554f05b.html]
[widgets.outbrain.com/outbrain.js]
[www.one.co.il/Article/17-18/1,1,2,59050/ABCDEFGHIJKLMNOPQRSTUVWXYZabcdefghijklmnopqrstuvwxyz0123456789+/index.html]
[www.one.co.il/Article/17-18/1,1,2,59050/^([^_/indexd41d.html]
[www.one.co.il/Article/17-18/1,1,2,59050/%s/profile4d6d.html]
[www.one.co.il/Article/17-18/1,1,2,59050/21_05_2018_06_1504.html]
[www.one.co.il/Article/17-18/1,1,2,59050/313526f05b.html]
[www.one.co.il/Article/17-18/1,1,2,59050/22_05_2018_06_0059.html]
[www.one.co.il/Article/17-18/1,1,2,59050/313554f05b.html]
[www.one.co.il/Article/17-18/1,1,2,59050/nanoWidget/index.html]
[www.one.co.il/Article/17-18/1,1,2,59050/popupDescription.html]
[www.one.co.il/Article/17-18/1,1,2,59050/statistics.html]
[www.one.co.il/Article/17-18/1,1,2,59050/whatis.html]
[www.one.co.il/Article/17-18/1,1,2,59050/userZapping.html]
[www.one.co.il/Article/17-18/1,1,2,59050/flyThrough.html]
[www.one.co.il/Article/17-18/1,1,2,59050/videoPlugin.html]
[www.one.co.il/Article/17-18/1,1,2,59050/video.html]
[www.one.co.il/Article/17-18/1,1,2,59050/positionCalculation.html]
[www.one.co.il/Article/17-18/1,1,2,59050/recInIframe.html]
[www.one.co.il/Article/17-18/1,1,2,59050/registration.html]
[www.one.co.il/Article/17-18/1,1,2,59050/refreshWidget.html]
[www.one.co.il/Article/17-18/1,1,2,59050/skyLander.html]
[www.one.co.il/Article/17-18/1,1,2,59050/topBox.html]
[www.one.co.il/Article/17-18/1,1,2,59050/swipeLayout.html]
[www.one.co.il/Article/17-18/1,1,2,59050/loadMore.html]
[www.one.co.il/Article/17-18/1,1,2,59050/inPlayerWidget.html]
[www.one.co.il/Article/17-18/1,1,2,59050/readMore.html]
[www.one.co.il/Article/17-18/1,1,2,59050/proxy.html]
[www.one.co.il/Article/17-18/1,1,2,59050/widgetWizard.html]
[www.one.co.il/Article/17-18/1,1,2,59050/smartFeed.html]
[www.one.co.il/Article/17-18/1,1,2,59050/userActions/userActions_$SUFFIX.html]
[www.one.co.il/Article/17-18/1,1,2,59050/scroll.html]
[www.one.co.il/Article/17-18/1,1,2,59050/pager.html]
